[环境] device=cpu, pretrained=bert-base-chinese
[超参] epochs=8 batch=8 max_len=256 lr_bert=2e-05 lr_head=0.001
[数据] 全量=3199, train=2720, dev=479
python.exe : 
At line:15 char:2873
+ ... ERED = "1"; & "d:\code\机器学习课设\courseproject\.venv\Scripts\python.exe" ...
+                 ~~~~~~~~~~~~~~~~~~~~~~~~~~~~~~~~~~~~~~~~~~~~~~~~~~~~~~~~~
    + CategoryInfo          : NotSpecified: (:String) [], RemoteException
    + FullyQualifiedErrorId : NativeCommandError
 
Loading weights:   0%|          | 0/199 [00:00<?, ?it/s]
Loading weights:  10%|▉         | 19/199 [00:00<00:00, 186.95it/s]
Loading weights:  24%|██▎       | 47/199 [00:00<00:00, 224.68it/s]
Loading weights: 100%|██████████| 199/199 [00:00<00:00, 661.66it/s]
[transformers] [1mBertModel LOAD REPORT[0m from: bert-base-chinese
Key                                        | Status     |  | 
-------------------------------------------+------------+--+-
cls.predictions.transform.dense.bias       | UNEXPECTED |  | 
cls.predictions.bias                       | UNEXPECTED |  | 
cls.seq_relationship.weight                | UNEXPECTED |  | 
cls.seq_relationship.bias                  | UNEXPECTED |  | 
cls.predictions.transform.LayerNorm.bias   | UNEXPECTED |  | 
cls.predictions.transform.LayerNorm.weight | UNEXPECTED |  | 
cls.predictions.transform.dense.weight     | UNEXPECTED |  | 

Notes:
- UNEXPECTED:	can be ignored when loading from different task/architecture; not ok if you expect identical arch.
========================================================================
BERT+CRF ACOS 训练  pretrained=bert-base-chinese  device=cpu
========================================================================
  [Ep 1] 20/340  loss=296.9462  42.3s/677.4s
  [Ep 1] 40/340  loss=246.8754  77.5s/580.9s
  [Ep 1] 60/340  loss=209.4944  113.2s/528.3s
  [Ep 1] 80/340  loss=179.5938  147.7s/480.0s
  [Ep 1] 100/340  loss=155.8027  196.6s/471.8s
  [Ep 1] 120/340  loss=139.7944  241.8s/443.4s
  [Ep 1] 140/340  loss=126.9377  313.0s/447.1s
  [Ep 1] 160/340  loss=116.3002  367.7s/413.6s
  [Ep 1] 180/340  loss=107.8638  404.6s/359.6s
  [Ep 1] 200/340  loss=101.4862  442.1s/309.5s
  [Ep 1] 220/340  loss=96.4709  479.3s/261.5s
  [Ep 1] 240/340  loss=91.9790  515.2s/214.7s
  [Ep 1] 260/340  loss=87.5428  551.9s/169.8s
  [Ep 1] 280/340  loss=83.6102  592.0s/126.8s
  [Ep 1] 300/340  loss=80.5064  630.1s/84.0s
  [Ep 1] 320/340  loss=77.7578  666.0s/41.6s
  [Ep 1] 340/340  loss=75.1873  701.8s/0.0s
[Epoch 1/8] loss=75.1873 (crf=74.7085 cat=0.6736 pol=0.2839)  lr=1.94e-05
         dev  P=0.6178 R=0.4688 F1=0.5331 (tp=459 fp=284 fn=520)
         [*] best F1=0.5331, 已保存权重 -> D:\code\机器学习课设\courseproject\courseproject\data\bert\bert_crf.pt
  [Ep 2] 20/340  loss=26.0015  38.7s/619.0s
  [Ep 2] 40/340  loss=30.0088  76.5s/573.5s
  [Ep 2] 60/340  loss=27.7577  116.6s/544.3s
  [Ep 2] 80/340  loss=27.3173  157.8s/512.9s
  [Ep 2] 100/340  loss=27.2358  194.1s/466.0s
  [Ep 2] 120/340  loss=28.0689  231.0s/423.4s
  [Ep 2] 140/340  loss=27.5733  266.0s/380.0s
  [Ep 2] 160/340  loss=27.2896  303.6s/341.6s
  [Ep 2] 180/340  loss=27.9483  340.7s/302.9s
  [Ep 2] 200/340  loss=27.8922  375.5s/262.9s
  [Ep 2] 220/340  loss=27.9637  413.5s/225.5s
  [Ep 2] 240/340  loss=27.9228  450.5s/187.7s
  [Ep 2] 260/340  loss=28.0579  486.5s/149.7s
  [Ep 2] 280/340  loss=28.0659  524.8s/112.5s
  [Ep 2] 300/340  loss=27.9696  592.6s/79.0s
  [Ep 2] 320/340  loss=28.0643  647.3s/40.5s
  [Ep 2] 340/340  loss=28.1279  702.0s/0.0s
[Epoch 2/8] loss=28.1279 (crf=27.8675 cat=0.3323 pol=0.1884)  lr=1.67e-05
         dev  P=0.6515 R=0.4985 F1=0.5648 (tp=488 fp=261 fn=491)
         [*] best F1=0.5648, 已保存权重 -> D:\code\机器学习课设\courseproject\courseproject\data\bert\bert_crf.pt
  [Ep 3] 20/340  loss=18.2455  54.0s/863.6s
  [Ep 3] 40/340  loss=19.4898  108.3s/812.6s
  [Ep 3] 60/340  loss=17.9271  164.4s/767.3s
  [Ep 3] 80/340  loss=18.7169  221.6s/720.2s
  [Ep 3] 100/340  loss=17.7616  277.5s/666.0s
  [Ep 3] 120/340  loss=18.2900  332.3s/609.2s
  [Ep 3] 140/340  loss=18.7746  386.7s/552.4s
  [Ep 3] 160/340  loss=18.6990  443.5s/498.9s
  [Ep 3] 180/340  loss=19.2091  496.7s/441.5s
  [Ep 3] 200/340  loss=18.8579  552.0s/386.4s
  [Ep 3] 220/340  loss=18.3267  604.9s/330.0s
  [Ep 3] 240/340  loss=18.1004  659.7s/274.9s
  [Ep 3] 260/340  loss=18.0582  714.0s/219.7s
  [Ep 3] 280/340  loss=17.9930  771.4s/165.3s
  [Ep 3] 300/340  loss=18.2811  823.6s/109.8s
  [Ep 3] 320/340  loss=18.1776  878.7s/54.9s
  [Ep 3] 340/340  loss=18.0150  933.8s/0.0s
[Epoch 3/8] loss=18.0150 (crf=17.7808 cat=0.3142 pol=0.1541)  lr=1.39e-05
         dev  P=0.6702 R=0.5107 F1=0.5797 (tp=500 fp=246 fn=479)
         [*] best F1=0.5797, 已保存权重 -> D:\code\机器学习课设\courseproject\courseproject\data\bert\bert_crf.pt
  [Ep 4] 20/340  loss=14.0663  54.5s/872.7s
  [Ep 4] 40/340  loss=13.3229  114.1s/855.4s
  [Ep 4] 60/340  loss=12.7412  175.6s/819.3s
  [Ep 4] 80/340  loss=11.7542  236.8s/769.5s
  [Ep 4] 100/340  loss=11.5151  295.2s/708.4s
  [Ep 4] 120/340  loss=11.9790  353.2s/647.5s
  [Ep 4] 140/340  loss=12.0862  412.2s/588.9s
  [Ep 4] 160/340  loss=11.9683  472.4s/531.5s
  [Ep 4] 180/340  loss=11.9696  531.1s/472.1s
  [Ep 4] 200/340  loss=12.3657  596.8s/417.8s
  [Ep 4] 220/340  loss=12.2316  659.2s/359.5s
  [Ep 4] 240/340  loss=12.2165  714.2s/297.6s
  [Ep 4] 260/340  loss=12.2887  771.3s/237.3s
  [Ep 4] 280/340  loss=11.9998  825.7s/176.9s
  [Ep 4] 300/340  loss=11.9455  881.1s/117.5s
  [Ep 4] 320/340  loss=11.9298  935.0s/58.4s
  [Ep 4] 340/340  loss=11.9838  987.2s/0.0s
[Epoch 4/8] loss=11.9838 (crf=11.7961 cat=0.2371 pol=0.1384)  lr=1.11e-05
         dev  P=0.6521 R=0.5015 F1=0.5670 (tp=491 fp=262 fn=488)
  [Ep 5] 20/340  loss=10.3696  53.3s/852.8s
  [Ep 5] 40/340  loss=8.6977  108.9s/817.1s
  [Ep 5] 60/340  loss=7.9622  161.5s/753.8s
  [Ep 5] 80/340  loss=8.5129  213.9s/695.3s
  [Ep 5] 100/340  loss=7.8015  269.9s/647.8s
  [Ep 5] 120/340  loss=8.3065  322.9s/592.1s
  [Ep 5] 140/340  loss=8.1796  377.6s/539.4s
  [Ep 5] 160/340  loss=8.3459  431.0s/484.8s
  [Ep 5] 180/340  loss=8.6392  485.3s/431.4s
  [Ep 5] 200/340  loss=8.6500  542.0s/379.4s
  [Ep 5] 220/340  loss=8.3642  597.2s/325.7s
  [Ep 5] 240/340  loss=8.4448  651.1s/271.3s
  [Ep 5] 260/340  loss=8.3213  705.0s/216.9s
  [Ep 5] 280/340  loss=8.2421  759.3s/162.7s
  [Ep 5] 300/340  loss=8.4285  813.4s/108.5s
  [Ep 5] 320/340  loss=8.2777  863.7s/54.0s
  [Ep 5] 340/340  loss=8.0928  918.0s/0.0s
[Epoch 5/8] loss=8.0928 (crf=7.8688 cat=0.2784 pol=0.1696)  lr=8.33e-06
         dev  P=0.6702 R=0.5169 F1=0.5836 (tp=506 fp=249 fn=473)
         [*] best F1=0.5836, 已保存权重 -> D:\code\机器学习课设\courseproject\courseproject\data\bert\bert_crf.pt
  [Ep 6] 20/340  loss=8.8213  57.2s/914.6s
  [Ep 6] 40/340  loss=7.0539  112.6s/844.7s
  [Ep 6] 60/340  loss=7.0652  166.2s/775.4s
  [Ep 6] 80/340  loss=6.5117  220.8s/717.5s
  [Ep 6] 100/340  loss=6.0615  272.7s/654.6s
  [Ep 6] 120/340  loss=5.8868  326.2s/598.0s
  [Ep 6] 140/340  loss=5.9090  382.7s/546.7s
  [Ep 6] 160/340  loss=5.6995  436.2s/490.7s
  [Ep 6] 180/340  loss=5.7911  491.5s/436.9s
  [Ep 6] 200/340  loss=5.7182  542.7s/379.9s
  [Ep 6] 220/340  loss=5.7649  596.5s/325.4s
  [Ep 6] 240/340  loss=5.6299  649.9s/270.8s
  [Ep 6] 260/340  loss=5.4932  702.3s/216.1s
  [Ep 6] 280/340  loss=5.6010  756.2s/162.0s
  [Ep 6] 300/340  loss=5.5615  808.8s/107.8s
  [Ep 6] 320/340  loss=5.6081  864.5s/54.0s
  [Ep 6] 340/340  loss=5.6663  913.3s/0.0s
[Epoch 6/8] loss=5.6663 (crf=5.4852 cat=0.2331 pol=0.1290)  lr=5.56e-06
         dev  P=0.6725 R=0.5097 F1=0.5799 (tp=499 fp=243 fn=480)
  [Ep 7] 20/340  loss=6.0151  54.5s/872.2s
  [Ep 7] 40/340  loss=5.1957  109.0s/817.6s
  [Ep 7] 60/340  loss=5.5256  163.3s/762.0s
  [Ep 7] 80/340  loss=4.5470  216.9s/704.8s
  [Ep 7] 100/340  loss=4.7428  269.4s/646.6s
  [Ep 7] 120/340  loss=4.9962  322.6s/591.4s
  [Ep 7] 140/340  loss=4.6851  375.9s/537.0s
  [Ep 7] 160/340  loss=4.4338  427.6s/481.1s
  [Ep 7] 180/340  loss=4.2242  481.5s/428.0s
  [Ep 7] 200/340  loss=4.2006  532.8s/373.0s
  [Ep 7] 220/340  loss=4.2300  588.9s/321.2s
  [Ep 7] 240/340  loss=4.1170  643.2s/268.0s
  [Ep 7] 260/340  loss=3.9742  697.8s/214.7s
  [Ep 7] 280/340  loss=4.0569  755.0s/161.8s
  [Ep 7] 300/340  loss=4.0181  806.0s/107.5s
  [Ep 7] 320/340  loss=3.9420  861.5s/53.8s
  [Ep 7] 340/340  loss=3.9248  913.6s/0.0s
[Epoch 7/8] loss=3.9248 (crf=3.7672 cat=0.2041 pol=0.1110)  lr=2.78e-06
         dev  P=0.6755 R=0.5189 F1=0.5869 (tp=508 fp=244 fn=471)
         [*] best F1=0.5869, 已保存权重 -> D:\code\机器学习课设\courseproject\courseproject\data\bert\bert_crf.pt
  [Ep 8] 20/340  loss=2.4237  54.0s/863.5s
  [Ep 8] 40/340  loss=3.1625  107.0s/802.7s
  [Ep 8] 60/340  loss=3.4881  158.8s/741.3s
  [Ep 8] 80/340  loss=3.1510  214.6s/697.4s
  [Ep 8] 100/340  loss=2.8711  270.5s/649.3s
  [Ep 8] 120/340  loss=2.8862  324.6s/595.1s
  [Ep 8] 140/340  loss=2.7036  377.2s/538.8s
  [Ep 8] 160/340  loss=2.9749  430.3s/484.0s
  [Ep 8] 180/340  loss=3.1273  483.2s/429.5s
  [Ep 8] 200/340  loss=2.9899  538.0s/376.6s
  [Ep 8] 220/340  loss=2.9159  590.9s/322.3s
  [Ep 8] 240/340  loss=2.8238  641.0s/267.1s
  [Ep 8] 260/340  loss=2.7950  694.6s/213.7s
  [Ep 8] 280/340  loss=2.8316  752.3s/161.2s
  [Ep 8] 300/340  loss=2.8944  805.6s/107.4s
  [Ep 8] 320/340  loss=2.8600  861.9s/53.9s
  [Ep 8] 340/340  loss=2.8179  918.8s/0.0s
[Epoch 8/8] loss=2.8179 (crf=2.6885 cat=0.1580 pol=0.1008)  lr=0.00e+00
         dev  P=0.6832 R=0.5220 F1=0.5918 (tp=511 fp=237 fn=468)
         [*] best F1=0.5918, 已保存权重 -> D:\code\机器学习课设\courseproject\courseproject\data\bert\bert_crf.pt
[完成] 训练耗时 122.5 min, best dev F1=0.5918
[输出] 训练快照: D:\code\机器学习课设\courseproject\courseproject\config\model_bert_trained.yaml
[输出] 运行日志: D:\code\机器学习课设\courseproject\courseproject\outputs\logs\bert_report.txt
[输出] 模型权重: D:\code\机器学习课设\courseproject\courseproject\data\bert\bert_crf.pt
[输出] 标签字典: D:\code\机器学习课设\courseproject\courseproject\data\bert\label_vocab.json
[输出] 训练快照: D:\code\机器学习课设\courseproject\courseproject\config\model_bert_trained.yaml
[下一步] 推理: python src/model_bert/predict_bert.py
